// Jest Snapshot v1, https://goo.gl/fbAQLP

exports[`Button provider renders as intended 1`] = `
<button
  className="css-mhex0s"
  onClick={[Function]}
>
  <div
    className="css-1sginf6"
  >
    <p>
      Test
    </p>
  </div>
</button>
`;
