// Jest Snapshot v1, https://goo.gl/fbAQLP

exports[`renders the App component as intended 1`] = `
<div>
  <Sudoku />
</div>
`;
