// Jest Snapshot v1, https://goo.gl/fbAQLP

exports[`Win message component renders the win message as expected when sudoku is solved 1`] = `
<div
  className="css-1w4wrbu"
>
  <div
    className="css-zkjlb6"
  >
    <p
      className="css-1yvtxxr"
    >
      Solved!
    </p>
    <button
      className="css-1u92zc4"
      onClick={[Function]}
    >
      Again?
    </button>
  </div>
</div>
`;

exports[`Win message component returns null when the sudoku is not solved 1`] = `null`;
